== 2310.02137 : 4-list Schroeppel-Shamir meet-in-the-middle (2^30)  (budget 90s/seed, 8 seeds)
  seed 11    solved=True     7.6s  masks=2   cjloss_density=0.914
  seed 23    solved=True     6.9s  masks=2   cjloss_density=0.913
  seed 37    solved=True     6.5s  masks=2   cjloss_density=0.911
  seed 101   solved=True     6.8s  masks=2   cjloss_density=0.915
  seed 202   solved=True     7.1s  masks=2   cjloss_density=0.909
  seed 303   solved=True     7.0s  masks=2   cjloss_density=0.913
  seed 404   solved=True     6.6s  masks=2   cjloss_density=0.914
  seed 505   solved=True     7.2s  masks=2   cjloss_density=0.912
ROW | 2310.02137 | 4-list Schroeppel-Shamir meet-in-the-middle (2^30) | solved 8/8 | median 7.0s | BROKEN

== 2311.00090 : 4-list Schroeppel-Shamir meet-in-the-middle (2^32) mod 2^64  (budget 90s/seed, 8 seeds)
  seed 11    solved=True    36.7s  masks=1   cjloss_density=0.948
  seed 23    solved=True    37.9s  masks=2   cjloss_density=0.948
  seed 37    solved=True    39.1s  masks=3   cjloss_density=0.948
  seed 101   solved=True    40.9s  masks=1   cjloss_density=0.948
  seed 202   solved=True    39.0s  masks=3   cjloss_density=0.948
  seed 303   solved=True    40.3s  masks=1   cjloss_density=0.948
  seed 404   solved=True    40.7s  masks=1   cjloss_density=0.948
  seed 505   solved=True    38.9s  masks=3   cjloss_density=0.948
ROW | 2311.00090 | 4-list Schroeppel-Shamir meet-in-the-middle (2^32) mod 2^64 | solved 8/8 | median 39.1s | BROKEN

== 2603.07251 : 4-list Schroeppel-Shamir meet-in-the-middle (2^32) mod 2^64  (budget 90s/seed, 8 seeds)
  seed 11    solved=True    39.9s  masks=1   cjloss_density=0.948
  seed 23    solved=True    38.0s  masks=2   cjloss_density=0.948
  seed 37    solved=True    40.1s  masks=3   cjloss_density=0.948
  seed 101   solved=True    41.1s  masks=1   cjloss_density=0.948
  seed 202   solved=True    34.9s  masks=3   cjloss_density=0.948
  seed 303   solved=True    38.3s  masks=1   cjloss_density=0.948
  seed 404   solved=True    36.6s  masks=1   cjloss_density=0.948
  seed 505   solved=True    35.4s  masks=3   cjloss_density=0.948
ROW | 2603.07251 | 4-list Schroeppel-Shamir meet-in-the-middle (2^32) mod 2^64 | solved 8/8 | median 38.2s | BROKEN

== 2502.08624 : Sidon-decode to graph + planted-3-SAT DPLL  (budget 90s/seed, 8 seeds)
  seed 11    solved=True     0.7s  V=900 E=4950 tri=300 vars=50 clauses=300
  seed 23    solved=True     0.7s  V=900 E=4950 tri=300 vars=50 clauses=300
  seed 37    solved=True     0.7s  V=900 E=4950 tri=300 vars=50 clauses=300
  seed 101   solved=True     0.7s  V=900 E=4950 tri=300 vars=50 clauses=300
  seed 202   solved=True     0.6s  V=900 E=4950 tri=300 vars=50 clauses=300
  seed 303   solved=True     0.6s  V=900 E=4950 tri=300 vars=50 clauses=300
  seed 404   solved=True     0.6s  V=900 E=4950 tri=300 vars=50 clauses=300
  seed 505   solved=True     0.7s  V=900 E=4950 tri=300 vars=50 clauses=300
ROW | 2502.08624 | Sidon-decode to graph + planted-3-SAT DPLL | solved 8/8 | median 0.7s | BROKEN

---- summary ----
2310.02137 | 4-list Schroeppel-Shamir meet-in-the-middle (2^30) | 8/8 | 7.0s | BROKEN
2311.00090 | 4-list Schroeppel-Shamir meet-in-the-middle (2^32) mod 2^64 | 8/8 | 39.1s | BROKEN
2603.07251 | 4-list Schroeppel-Shamir meet-in-the-middle (2^32) mod 2^64 | 8/8 | 38.2s | BROKEN
2502.08624 | Sidon-decode to graph + planted-3-SAT DPLL | 8/8 | 0.7s | BROKEN
